
 line       object           ucode  source program

   1    (35    5    1)                func 5 1 2
   2    (38    1    1)                sym 1 1 1
   3    (38    1    2)                sym 1 2 1
   4    (38    1    3)                sym 1 3 1
   5    (38    1    4)                sym 1 4 1
   6    (38    1    5)                sym 1 5 1
   7    (20    2     )                ldc 2
   8    (24    1    1)                str 1 1
   9    (34          )     $$0        nop
  10    (19    1    1)                lod 1 1
  11    (20  100     )                ldc 100
  12    (14          )                lt
  13    (28   55     )                fjp $$1
  14    (20    1     )                ldc 1
  15    (24    1    5)                str 1 5
  16    (19    1    1)                lod 1 1
  17    (20    2     )                ldc 2
  18    ( 9          )                div
  19    (24    1    3)                str 1 3
  20    (20    2     )                ldc 2
  21    (24    1    2)                str 1 2
  22    (34          )     $$2        nop
  23    (19    1    2)                lod 1 2
  24    (19    1    3)                lod 1 3
  25    (16          )                le
  26    (28   42     )                fjp $$3
  27    (19    1    1)                lod 1 1
  28    (19    1    2)                lod 1 2
  29    (10          )                mod
  30    (24    1    4)                str 1 4
  31    (19    1    4)                lod 1 4
  32    (20    0     )                ldc 0
  33    (17          )                eq
  34    (28   37     )                fjp $$4
  35    (20    0     )                ldc 0
  36    (24    1    5)                str 1 5
  37    (34          )     $$4        nop
  38    (19    1    2)                lod 1 2
  39    ( 2          )                inc
  40    (24    1    2)                str 1 2
  41    (26   22     )                ujp $$2
  42    (34          )     $$3        nop
  43    (19    1    5)                lod 1 5
  44    (20    1     )                ldc 1
  45    (17          )                eq
  46    (28   50     )                fjp $$5
  47    (23          )                ldp
  48    (19    1    1)                lod 1 1
  49    (29   -2     )                call write
  50    (34          )     $$5        nop
  51    (19    1    1)                lod 1 1
  52    ( 2          )                inc
  53    (24    1    1)                str 1 1
  54    (26    9     )                ujp $$0
  55    (34          )     $$1        nop
  56    (30          )                ret
  57    (36          )                end
  58    (37    0     )                bgn 0
  59    (23          )                ldp
  60    (29    0     )                call main
  61    (36          )                end



   ****    Result    ****


 2 3 5 7 11 13 17 19 23 29 31 37 41 43 47 53 59 61 67 71 73 79 83 89 97

   **********************




                 #### Statistics ####


    ****  Static Instruction Counts  ****


inc    =  2       div    =  1       mod    =  1       lt     =  1       
le     =  1       eq     =  2       lod    =  11      ldc    =  8       
ldp    =  2       str    =  8       ujp    =  2       fjp    =  4       
call   =  2       ret    =  1       nop    =  6       func   =  1       
end    =  2       bgn    =  1       sym    =  5       


  ****  Dynamic instruction counts  ****


notop  =  1         inc    =  2450      div    =  98        mod    =  2352      
lt     =  99        le     =  2450      eq     =  2450      lod    =  14726     
ldc    =  3120      ldp    =  26        str    =  5373      ujp    =  2450      
fjp    =  4999      call   =  26        ret    =  1         nop    =  5098      
func   =  1         end    =  1         bgn    =  1         sym    =  5         


 Executable instruction count  =   40622

 Total execution cycle         =   539120
